00:24:38 [harness] 9: Client: Result postprocessing completed (elapsed: 0.0907s)
00:24:40 [harness] 10.1: Harness: Run inference for harness plaintext model completed (elapsed: 1.8775s)
[harness] Encrypted model: 0.9333 (14/15 correct)
[harness] Harness model: 0.9333 (14/15 correct)
00:24:40 [harness] 10.2: Harness: Run quality check completed (elapsed: 0.001s)
[total latency] 508.4798s

         [harness] Run 2 of 2
00:24:42 [harness] 4: Harness: Input generation for MNIST completed (elapsed: 1.8589s)
00:24:42 [harness] 5: Client: Input preprocessing completed (elapsed: 0.0916s)
00:24:50 [harness] 6: Client: Input encryption completed (elapsed: 7.8911s)
         [harness] Client: Encrypted input size: 45.0M
         [server] Run encrypted MNIST inference on 8 TPU chip(s)
         [server] chunk 0 (8 ciphertext(s)): 153.5 ms
         [server] chunk 1 (7 ciphertext(s)): 153.2 ms
         [server] encrypted compute: 0.307s for 15 inference(s) -> 20.4 ms each, 48.91 inferences/s
00:24:50 [harness] 7: Server: Encrypted ML Inference computation completed (elapsed: 0.5149s)
         [harness] Client: Encrypted results size: 7.5M
00:24:54 [harness] 8: Client: Result decryption completed (elapsed: 3.8475s)
00:24:54 [harness] 9: Client: Result postprocessing completed (elapsed: 0.0906s)
00:24:56 [harness] 10.1: Harness: Run inference for harness plaintext model completed (elapsed: 1.9094s)
[harness] Encrypted model: 0.9333 (14/15 correct)
[harness] Harness model: 0.9333 (14/15 correct)
00:24:56 [harness] 10.2: Harness: Run quality check completed (elapsed: 0.0009s)
[total latency] 508.5993s

All steps completed for the small inference!

CROSS on TPU v6e — FHE-Benchmarks-ML-Inference (MNIST)
(no TPU sweep results at /home/jianming_gatech/FHE-Benchmarks-ML-Inference/submission_cross/profile/results/profile_results.json)

CROSS submission stage timings — small instance
===============================================
  2 client_key_generation   : pack 1.31s  keygen 2.73s  save 0.07s
  3 server_preprocess_model : 480.5s total  (mapping 466.2s, warmup 3.7s)
  5 client_preprocess_input : 0.005s
  6 client_encode_encrypt   : 5.69s for 15 sample(s) = 379 ms each (+1.4s context setup)
  7 server_encrypted_compute: 0.306s TPU execute for 15 inference(s) on 8 chip(s) = 20 ms each, 48.94/s
  8 client_decrypt_decode   : 1.91s for 15 sample(s) = 128 ms each
  9 client_postprocess      : 0.003s
  5 client_preprocess_input : 0.005s
  6 client_encode_encrypt   : 5.70s for 15 sample(s) = 380 ms each (+1.4s context setup)
  7 server_encrypted_compute: 0.307s TPU execute for 15 inference(s) on 8 chip(s) = 20 ms each, 48.91/s
  8 client_decrypt_decode   : 1.92s for 15 sample(s) = 128 ms each
  9 client_postprocess      : 0.002s

Harness measurements — small (CROSS/TPU)
========================================
  results-1.json: {"total_latency_ms": 508.4798, "per_stage": {"Harness: MNIST Test dataset generation": "4.2062s", "Client: Key Generation": "4.6315s", "Server: (Encrypted) model preprocessing": "483.5567s", "Harness: Input generation for MNIST": "1.8717s", "Client: Input preprocessing": "0.0917s", "Client: Input encryption": "7.6712s", "Server: Encrypted ML Inference computation": "0.564s", "Client: Result decryp
  results-2.json: {"total_latency_ms": 508.5993, "per_stage": {"Harness: MNIST Test dataset generation": "4.2062s", "Client: Key Generation": "4.6315s", "Server: (Encrypted) model preprocessing": "483.5567s", "Harness: Input generation for MNIST": "1.8589s", "Client: Input preprocessing": "0.0916s", "Client: Input encryption": "7.8911s", "Server: Encrypted ML Inference computation": "0.5149s", "Client: Result decry

[exited with code 0]
